=====================================
The '2-matrix_divided' module
=====================================

This module contains one function:
	* 'matrix_dived' - which divides all elements of a matrix


NOTE:
	* matrix must be a list of lists of integers or floats, otherwise raise a TypeError exception with the message matrix must be a matrix (list of lists) of integers/floats

	* Each row of the matrix must be of the same size, otherwise raise a TypeError exception with the message Each row of the matrix must have the same size

	* div must be a number (integer or float), otherwise raise a TypeError exception with the message div must be a number

	* div canâ€™t be equal to 0, otherwise raise a ZeroDivisionError exception with the message division by zero

	* All elements of the matrix should be divided by div, rounded to 2 decimal places

	* Returns a new matrix


Examples (Tests):
=================
>>> matrix_divided = __import__('2-matrix_divided').matrix_divided
>>> 
>>> matrix = [
...     [1, 2, 3],
...     [4, 5, 6]
... ]
>>> print(matrix_divided(matrix, 3))
[[0.33, 0.67, 1.0], [1.33, 1.67, 2.0]]
>>> print(matrix)
[[1, 2, 3], [4, 5, 6]]


:: Division by Zero
-------------------
>>> print(matrix_divided(matrix, 0))
Traceback (most recent call last):
...
ZeroDivisionError: division by zero


:: String values in matrix
--------------------------
>>> matrix = [
...     ["one", 2, 3],
...     [4, "five", 6]
... ]
>>> print(matrix_divided(matrix, 2))
Traceback (most recent call last):
...
TypeError: matrix must be a matrix (list of lists) of integers/floats


:: div as a string
------------------
>>> matrix = [
...     [1, 2, 3],
...     [4, 5, 6]
... ]
>>> print(matrix_divided(matrix, "four"))
Traceback (most recent call last):
...
TypeError: div must be a number


:: Different size rows
----------------------
>>> matrix = [
...     [1, 2, 3],
...     [4, 5, 6, 7]
... ]
>>> print(matrix_divided(matrix, 7))
Traceback (most recent call last):
...
TypeError: Each row of the matrix must have the same size


:: Missing arguments
--------------------
>>> matrix = [
...     [1, 2, 3],
...     [4, 5, 6]
... ]
>>> print(matrix_divided(matrix))
Traceback (most recent call last):
...
TypeError: matrix_divided() missing 1 required positional argument: 'div'


>>> print(matrix_divided())
Traceback (most recent call last):
...
TypeError: matrix_divided() missing 2 required positional arguments: 'matrix' and 'div'
